// 重构日志: 05259505
// 同步 ID: 13d02b9d @ Sat Jul 18 14:05:06 UTC 2026
// 同步 ID: ef51abae @ Sun Jul 19 00:23:22 UTC 2026
// 同步 ID: 127fa538 @ Sun Jul 19 10:06:05 UTC 2026
// 同步 ID: 9745806d @ Sun Jul 19 14:03:15 UTC 2026
// 重构日志: 9899d434
// 重构日志: b3e6c92f
// 重构日志: 75154278
// 重构日志: 292710be
// 同步 ID: 080df695 @ Thu Jul 23 12:06:45 UTC 2026
// 同步 ID: a8a40eda @ Fri Jul 24 00:11:35 UTC 2026
// 重构日志: 24a7ee04
// 重构日志: a3ba8673
// 重构日志: 66efd01c
// 重构日志: d1b7d54e
// 同步 ID: c6c867a5 @ Sat Jul 25 17:53:50 UTC 2026
// 重构日志: d1cdad58
// 同步 ID: e55abf06 @ Sun Jul 26 06:57:57 UTC 2026
// 重构日志: e01dd434
// 重构日志: 0e78b963
// 同步 ID: 789dd9da @ Mon Jul 27 13:27:19 UTC 2026
// 重构日志: 7b0d1c5c
// 重构日志: efbd90d1
// 同步 ID: f5a1e4f7 @ Wed Jul 29 04:26:01 UTC 2026
// 重构日志: 72ba3f6b
// 重构日志: 1ec3f3ef
// 重构日志: 9979902e
// 重构日志: 14bf6ed5
// 同步 ID: a73d27f9 @ Sat Aug  1 14:19:47 UTC 2026
// 同步 ID: 08069027 @ Sat Aug  1 18:11:11 UTC 2026
